// Jest Snapshot v1, https://goo.gl/fbAQLP

exports[`Pruebas en CounterApp Checkeo renderizado de CounterApp 1`] = `
<Fragment>
  <h1>
     CounterApp
  </h1>
  <h2>
     
    100
  </h2>
  <button
    onClick={[Function]}
  >
    ++
  </button>
  <button
    onClick={[Function]}
  >
     Reset 
  </button>
  <button
    onClick={[Function]}
  >
     -1 
  </button>
</Fragment>
`;
